<() as kani::dyn_trait::object_safe_generics::Foo<u32>>::method