<i32 as kani::dyn_trait::std_lib_add_duplicate::WeirdAdd>::add