<u8 as kani::dyn_trait::unsized_rc_cast::Byte>::eq