kani::dyn_trait::dyn_fn_param_closure::main::{closure#0}