<kani::dyn_trait::boxed_display_cast::Concrete as std::fmt::Display>::fmt