kani::closure::zst_param::check_zst_param::{closure#0}