kani::closure::closure_ptr::check_closure_ptr::{closure#0}