<u8 as kani::dyn_trait::unsized_box_cast::Byte>::eq