kani::dyn_trait::dyn_fn_param_closure_capture::main::{closure#0}