<() as kani::dyn_trait::generic_duplicate_names_impl::Foo<i32>>::method
<() as kani::dyn_trait::generic_duplicate_names_impl::Foo<u32>>::method